// Jest Snapshot v1, https://goo.gl/fbAQLP

exports[`AddParticipantScreen should match match snapshot 1`] = `
<View
  style={
    Object {
      "flex": 1,
    }
  }
>
  <RCTScrollView
    contentContainerStyle={
      Object {
        "marginVertical": 20,
        "padding": 5,
      }
    }
  >
    <View>
      <View
        style={
          Object {
            "marginHorizontal": 5,
            "marginVertical": 5,
          }
        }
      >
        <Text
          style={
            Object {
              "color": "#2c2c2c",
              "fontSize": 14,
              "paddingVertical": 5,
            }
          }
        >
          Name
        </Text>
        <TextInput
          allowFontScaling={true}
          onChangeText={[Function]}
          placeholder="Please Enter the Name"
          rejectResponderTermination={true}
          style={
            Array [
              Object {
                "backgroundColor": "#dadada",
                "paddingHorizontal": 5,
                "paddingVertical": 10,
              },
              undefined,
            ]
          }
          underlineColorAndroid="transparent"
          value=""
        />
      </View>
      <View
        style={
          Object {
            "marginHorizontal": 5,
            "marginVertical": 5,
          }
        }
      >
        <Text
          style={
            Object {
              "color": "#2c2c2c",
              "fontSize": 14,
              "paddingVertical": 5,
            }
          }
        >
          Age
        </Text>
        <TextInput
          allowFontScaling={true}
          keyboardType="number-pad"
          maxLength={2}
          onChangeText={[Function]}
          placeholder="Please Enter the age"
          rejectResponderTermination={true}
          style={
            Array [
              Object {
                "backgroundColor": "#dadada",
                "paddingHorizontal": 5,
                "paddingVertical": 10,
              },
              undefined,
            ]
          }
          underlineColorAndroid="transparent"
          value=""
        />
      </View>
      <View
        style={
          Object {
            "margin": 5,
          }
        }
      >
        <Text
          style={
            Object {
              "fontSize": 14,
              "paddingVertical": 5,
            }
          }
        >
          Date
        </Text>
        <View
          accessible={true}
          focusable={true}
          isTVSelectable={true}
          onClick={[Function]}
          onResponderGrant={[Function]}
          onResponderMove={[Function]}
          onResponderRelease={[Function]}
          onResponderTerminate={[Function]}
          onResponderTerminationRequest={[Function]}
          onStartShouldSetResponder={[Function]}
          style={
            Array [
              Object {
                "width": 142,
              },
              Object {
                "width": 200,
              },
            ]
          }
        >
          <View
            style={
              Array [
                Object {
                  "alignItems": "center",
                  "flexDirection": "row",
                  "height": 40,
                  "justifyContent": "center",
                },
                undefined,
              ]
            }
          >
            <View
              style={
                Array [
                  Object {
                    "alignItems": "center",
                    "borderColor": "#aaa",
                    "borderWidth": 1,
                    "flex": 1,
                    "height": 40,
                    "justifyContent": "center",
                  },
                  Object {
                    "backgroundColor": "#dadada",
                    "borderWidth": 0,
                  },
                  false,
                  false,
                ]
              }
            >
              <Text
                allowFontScaling={true}
                style={
                  Array [
                    Object {
                      "color": "#c9c9c9",
                    },
                    Object {
                      "color": "#C7C7CD",
                    },
                  ]
                }
              >
                select date
              </Text>
            </View>
            <Modal
              animationType="none"
              hardwareAccelerated={false}
              onRequestClose={[Function]}
              supportedOrientations={
                Array [
                  "portrait",
                  "portrait-upside-down",
                  "landscape",
                  "landscape-left",
                  "landscape-right",
                ]
              }
              transparent={true}
              visible={false}
            >
              <View
                style={
                  Object {
                    "flex": 1,
                  }
                }
              >
                <View
                  accessible={true}
                  focusable={true}
                  isTVSelectable={true}
                  onClick={[Function]}
                  onResponderGrant={[Function]}
                  onResponderMove={[Function]}
                  onResponderRelease={[Function]}
                  onResponderTerminate={[Function]}
                  onResponderTerminationRequest={[Function]}
                  onStartShouldSetResponder={[Function]}
                  style={
                    Object {
                      "alignItems": "flex-end",
                      "backgroundColor": "#00000077",
                      "flex": 1,
                      "flexDirection": "row",
                    }
                  }
                >
                  <View
                    accessible={true}
                    focusable={false}
                    isTVSelectable={true}
                    onClick={[Function]}
                    onResponderGrant={[Function]}
                    onResponderMove={[Function]}
                    onResponderRelease={[Function]}
                    onResponderTerminate={[Function]}
                    onResponderTerminationRequest={[Function]}
                    onStartShouldSetResponder={[Function]}
                    style={
                      Object {
                        "flex": 1,
                      }
                    }
                  >
                    <View
                      style={
                        Object {
                          "backgroundColor": "#fff",
                          "height": 0,
                          "overflow": "hidden",
                        }
                      }
                    >
                      <View
                        pointerEvents="auto"
                      >
                        <View
                          style={
                            Array [
                              Object {
                                "borderTopColor": "#ccc",
                                "borderTopWidth": 1,
                                "marginTop": 42,
                              },
                              undefined,
                            ]
                          }
                        >
                          <RCTDatePicker
                            date={1464719400000}
                            maximumDate={1464719400000}
                            minimumDate={1462041000000}
                            mode="date"
                            onChange={[Function]}
                            onResponderTerminationRequest={[Function]}
                            onStartShouldSetResponder={[Function]}
                            style={
                              Object {
                                "height": 216,
                              }
                            }
                            timeZoneOffsetInMinutes={null}
                          />
                        </View>
                      </View>
                      <View
                        accessible={true}
                        focusable={true}
                        isTVSelectable={true}
                        onClick={[Function]}
                        onResponderGrant={[Function]}
                        onResponderMove={[Function]}
                        onResponderRelease={[Function]}
                        onResponderTerminate={[Function]}
                        onResponderTerminationRequest={[Function]}
                        onStartShouldSetResponder={[Function]}
                        style={
                          Array [
                            Object {
                              "alignItems": "center",
                              "flexDirection": "row",
                              "height": 42,
                              "justifyContent": "center",
                              "paddingHorizontal": 20,
                              "position": "absolute",
                              "top": 0,
                            },
                            Object {
                              "left": 0,
                            },
                            undefined,
                          ]
                        }
                      >
                        <Text
                          allowFontScaling={true}
                          style={
                            Array [
                              Object {
                                "color": "#46cf98",
                                "fontSize": 16,
                              },
                              Object {
                                "color": "#666",
                              },
                              undefined,
                            ]
                          }
                        >
                          Cancel
                        </Text>
                      </View>
                      <View
                        accessible={true}
                        focusable={true}
                        isTVSelectable={true}
                        onClick={[Function]}
                        onResponderGrant={[Function]}
                        onResponderMove={[Function]}
                        onResponderRelease={[Function]}
                        onResponderTerminate={[Function]}
                        onResponderTerminationRequest={[Function]}
                        onStartShouldSetResponder={[Function]}
                        style={
                          Array [
                            Object {
                              "alignItems": "center",
                              "flexDirection": "row",
                              "height": 42,
                              "justifyContent": "center",
                              "paddingHorizontal": 20,
                              "position": "absolute",
                              "top": 0,
                            },
                            Object {
                              "right": 0,
                            },
                            undefined,
                          ]
                        }
                      >
                        <Text
                          allowFontScaling={true}
                          style={
                            Array [
                              Object {
                                "color": "#46cf98",
                                "fontSize": 16,
                              },
                              undefined,
                            ]
                          }
                        >
                          Confirm
                        </Text>
                      </View>
                    </View>
                  </View>
                </View>
              </View>
            </Modal>
          </View>
        </View>
      </View>
      <View
        style={
          Object {
            "marginHorizontal": 5,
            "marginVertical": 5,
          }
        }
      >
        <Text
          style={
            Object {
              "color": "#2c2c2c",
              "fontSize": 14,
              "paddingVertical": 5,
            }
          }
        >
          Locality
        </Text>
        <TextInput
          allowFontScaling={true}
          onChangeText={[Function]}
          placeholder="Please Enter the Locality"
          rejectResponderTermination={true}
          style={
            Array [
              Object {
                "backgroundColor": "#dadada",
                "paddingHorizontal": 5,
                "paddingVertical": 10,
              },
              undefined,
            ]
          }
          underlineColorAndroid="transparent"
          value=""
        />
      </View>
      <View
        style={
          Object {
            "marginHorizontal": 5,
            "marginVertical": 5,
          }
        }
      >
        <Text
          style={
            Object {
              "color": "#2c2c2c",
              "fontSize": 14,
              "paddingVertical": 5,
            }
          }
        >
          Number of Guests (max 2 members)
        </Text>
        <TextInput
          allowFontScaling={true}
          keyboardType="number-pad"
          maxLength={1}
          onChangeText={[Function]}
          placeholder="Please Enter the Number of Guests"
          rejectResponderTermination={true}
          style={
            Array [
              Object {
                "backgroundColor": "#dadada",
                "paddingHorizontal": 5,
                "paddingVertical": 10,
              },
              undefined,
            ]
          }
          underlineColorAndroid="transparent"
          value=""
        />
      </View>
      <View
        style={
          Object {
            "marginHorizontal": 5,
            "marginVertical": 5,
          }
        }
      >
        <Text
          style={
            Object {
              "color": "#2c2c2c",
              "fontSize": 14,
              "paddingVertical": 5,
            }
          }
        >
          Address (max 50  )
        </Text>
        <TextInput
          allowFontScaling={true}
          multiline={true}
          onChangeText={[Function]}
          placeholder="Please Enter the Address"
          rejectResponderTermination={true}
          style={
            Array [
              Object {
                "backgroundColor": "#dadada",
                "paddingHorizontal": 5,
                "paddingVertical": 10,
              },
              Object {
                "height": 50,
              },
            ]
          }
          underlineColorAndroid="transparent"
          value=""
        />
      </View>
      <View>
        <View
          accessibilityRole="button"
          accessibilityStates={Array []}
          accessible={true}
          focusable={true}
          isTVSelectable={true}
          onClick={[Function]}
          onResponderGrant={[Function]}
          onResponderMove={[Function]}
          onResponderRelease={[Function]}
          onResponderTerminate={[Function]}
          onResponderTerminationRequest={[Function]}
          onStartShouldSetResponder={[Function]}
          style={
            Object {
              "opacity": 1,
            }
          }
        >
          <View
            style={
              Array [
                Object {},
              ]
            }
          >
            <Text
              style={
                Array [
                  Object {
                    "color": "#007AFF",
                    "fontSize": 18,
                    "padding": 8,
                    "textAlign": "center",
                  },
                ]
              }
            >
              Add
            </Text>
          </View>
        </View>
      </View>
    </View>
  </RCTScrollView>
</View>
`;

exports[`HomeScreen should match match snapshot 1`] = `
<View
  style={
    Object {
      "flex": 1,
    }
  }
>
  <RCTScrollView
    contentContainerStyle={
      Object {
        "marginVertical": 20,
        "padding": 5,
      }
    }
  >
    <View>
      <View
        style={
          Object {
            "marginHorizontal": 5,
            "marginVertical": 5,
          }
        }
      >
        <Text
          style={
            Object {
              "color": "#2c2c2c",
              "fontSize": 14,
              "paddingVertical": 5,
            }
          }
        >
          Name
        </Text>
        <TextInput
          allowFontScaling={true}
          onChangeText={[Function]}
          placeholder="Please Enter the Name"
          rejectResponderTermination={true}
          style={
            Array [
              Object {
                "backgroundColor": "#dadada",
                "paddingHorizontal": 5,
                "paddingVertical": 10,
              },
              undefined,
            ]
          }
          underlineColorAndroid="transparent"
          value=""
        />
      </View>
      <View
        style={
          Object {
            "marginHorizontal": 5,
            "marginVertical": 5,
          }
        }
      >
        <Text
          style={
            Object {
              "color": "#2c2c2c",
              "fontSize": 14,
              "paddingVertical": 5,
            }
          }
        >
          Age
        </Text>
        <TextInput
          allowFontScaling={true}
          keyboardType="number-pad"
          maxLength={2}
          onChangeText={[Function]}
          placeholder="Please Enter the age"
          rejectResponderTermination={true}
          style={
            Array [
              Object {
                "backgroundColor": "#dadada",
                "paddingHorizontal": 5,
                "paddingVertical": 10,
              },
              undefined,
            ]
          }
          underlineColorAndroid="transparent"
          value=""
        />
      </View>
      <View
        style={
          Object {
            "margin": 5,
          }
        }
      >
        <Text
          style={
            Object {
              "fontSize": 14,
              "paddingVertical": 5,
            }
          }
        >
          Date
        </Text>
        <View
          accessible={true}
          focusable={true}
          isTVSelectable={true}
          onClick={[Function]}
          onResponderGrant={[Function]}
          onResponderMove={[Function]}
          onResponderRelease={[Function]}
          onResponderTerminate={[Function]}
          onResponderTerminationRequest={[Function]}
          onStartShouldSetResponder={[Function]}
          style={
            Array [
              Object {
                "width": 142,
              },
              Object {
                "width": 200,
              },
            ]
          }
        >
          <View
            style={
              Array [
                Object {
                  "alignItems": "center",
                  "flexDirection": "row",
                  "height": 40,
                  "justifyContent": "center",
                },
                undefined,
              ]
            }
          >
            <View
              style={
                Array [
                  Object {
                    "alignItems": "center",
                    "borderColor": "#aaa",
                    "borderWidth": 1,
                    "flex": 1,
                    "height": 40,
                    "justifyContent": "center",
                  },
                  Object {
                    "backgroundColor": "#dadada",
                    "borderWidth": 0,
                  },
                  false,
                  false,
                ]
              }
            >
              <Text
                allowFontScaling={true}
                style={
                  Array [
                    Object {
                      "color": "#c9c9c9",
                    },
                    Object {
                      "color": "#C7C7CD",
                    },
                  ]
                }
              >
                select date
              </Text>
            </View>
            <Modal
              animationType="none"
              hardwareAccelerated={false}
              onRequestClose={[Function]}
              supportedOrientations={
                Array [
                  "portrait",
                  "portrait-upside-down",
                  "landscape",
                  "landscape-left",
                  "landscape-right",
                ]
              }
              transparent={true}
              visible={false}
            >
              <View
                style={
                  Object {
                    "flex": 1,
                  }
                }
              >
                <View
                  accessible={true}
                  focusable={true}
                  isTVSelectable={true}
                  onClick={[Function]}
                  onResponderGrant={[Function]}
                  onResponderMove={[Function]}
                  onResponderRelease={[Function]}
                  onResponderTerminate={[Function]}
                  onResponderTerminationRequest={[Function]}
                  onStartShouldSetResponder={[Function]}
                  style={
                    Object {
                      "alignItems": "flex-end",
                      "backgroundColor": "#00000077",
                      "flex": 1,
                      "flexDirection": "row",
                    }
                  }
                >
                  <View
                    accessible={true}
                    focusable={false}
                    isTVSelectable={true}
                    onClick={[Function]}
                    onResponderGrant={[Function]}
                    onResponderMove={[Function]}
                    onResponderRelease={[Function]}
                    onResponderTerminate={[Function]}
                    onResponderTerminationRequest={[Function]}
                    onStartShouldSetResponder={[Function]}
                    style={
                      Object {
                        "flex": 1,
                      }
                    }
                  >
                    <View
                      style={
                        Object {
                          "backgroundColor": "#fff",
                          "height": 0,
                          "overflow": "hidden",
                        }
                      }
                    >
                      <View
                        pointerEvents="auto"
                      >
                        <View
                          style={
                            Array [
                              Object {
                                "borderTopColor": "#ccc",
                                "borderTopWidth": 1,
                                "marginTop": 42,
                              },
                              undefined,
                            ]
                          }
                        >
                          <RCTDatePicker
                            date={1464719400000}
                            maximumDate={1464719400000}
                            minimumDate={1462041000000}
                            mode="date"
                            onChange={[Function]}
                            onResponderTerminationRequest={[Function]}
                            onStartShouldSetResponder={[Function]}
                            style={
                              Object {
                                "height": 216,
                              }
                            }
                            timeZoneOffsetInMinutes={null}
                          />
                        </View>
                      </View>
                      <View
                        accessible={true}
                        focusable={true}
                        isTVSelectable={true}
                        onClick={[Function]}
                        onResponderGrant={[Function]}
                        onResponderMove={[Function]}
                        onResponderRelease={[Function]}
                        onResponderTerminate={[Function]}
                        onResponderTerminationRequest={[Function]}
                        onStartShouldSetResponder={[Function]}
                        style={
                          Array [
                            Object {
                              "alignItems": "center",
                              "flexDirection": "row",
                              "height": 42,
                              "justifyContent": "center",
                              "paddingHorizontal": 20,
                              "position": "absolute",
                              "top": 0,
                            },
                            Object {
                              "left": 0,
                            },
                            undefined,
                          ]
                        }
                      >
                        <Text
                          allowFontScaling={true}
                          style={
                            Array [
                              Object {
                                "color": "#46cf98",
                                "fontSize": 16,
                              },
                              Object {
                                "color": "#666",
                              },
                              undefined,
                            ]
                          }
                        >
                          Cancel
                        </Text>
                      </View>
                      <View
                        accessible={true}
                        focusable={true}
                        isTVSelectable={true}
                        onClick={[Function]}
                        onResponderGrant={[Function]}
                        onResponderMove={[Function]}
                        onResponderRelease={[Function]}
                        onResponderTerminate={[Function]}
                        onResponderTerminationRequest={[Function]}
                        onStartShouldSetResponder={[Function]}
                        style={
                          Array [
                            Object {
                              "alignItems": "center",
                              "flexDirection": "row",
                              "height": 42,
                              "justifyContent": "center",
                              "paddingHorizontal": 20,
                              "position": "absolute",
                              "top": 0,
                            },
                            Object {
                              "right": 0,
                            },
                            undefined,
                          ]
                        }
                      >
                        <Text
                          allowFontScaling={true}
                          style={
                            Array [
                              Object {
                                "color": "#46cf98",
                                "fontSize": 16,
                              },
                              undefined,
                            ]
                          }
                        >
                          Confirm
                        </Text>
                      </View>
                    </View>
                  </View>
                </View>
              </View>
            </Modal>
          </View>
        </View>
      </View>
      <View
        style={
          Object {
            "marginHorizontal": 5,
            "marginVertical": 5,
          }
        }
      >
        <Text
          style={
            Object {
              "color": "#2c2c2c",
              "fontSize": 14,
              "paddingVertical": 5,
            }
          }
        >
          Locality
        </Text>
        <TextInput
          allowFontScaling={true}
          onChangeText={[Function]}
          placeholder="Please Enter the Locality"
          rejectResponderTermination={true}
          style={
            Array [
              Object {
                "backgroundColor": "#dadada",
                "paddingHorizontal": 5,
                "paddingVertical": 10,
              },
              undefined,
            ]
          }
          underlineColorAndroid="transparent"
          value=""
        />
      </View>
      <View
        style={
          Object {
            "marginHorizontal": 5,
            "marginVertical": 5,
          }
        }
      >
        <Text
          style={
            Object {
              "color": "#2c2c2c",
              "fontSize": 14,
              "paddingVertical": 5,
            }
          }
        >
          Number of Guests (max 2 members)
        </Text>
        <TextInput
          allowFontScaling={true}
          keyboardType="number-pad"
          maxLength={1}
          onChangeText={[Function]}
          placeholder="Please Enter the Number of Guests"
          rejectResponderTermination={true}
          style={
            Array [
              Object {
                "backgroundColor": "#dadada",
                "paddingHorizontal": 5,
                "paddingVertical": 10,
              },
              undefined,
            ]
          }
          underlineColorAndroid="transparent"
          value=""
        />
      </View>
      <View
        style={
          Object {
            "marginHorizontal": 5,
            "marginVertical": 5,
          }
        }
      >
        <Text
          style={
            Object {
              "color": "#2c2c2c",
              "fontSize": 14,
              "paddingVertical": 5,
            }
          }
        >
          Address (max 50  )
        </Text>
        <TextInput
          allowFontScaling={true}
          multiline={true}
          onChangeText={[Function]}
          placeholder="Please Enter the Address"
          rejectResponderTermination={true}
          style={
            Array [
              Object {
                "backgroundColor": "#dadada",
                "paddingHorizontal": 5,
                "paddingVertical": 10,
              },
              Object {
                "height": 50,
              },
            ]
          }
          underlineColorAndroid="transparent"
          value=""
        />
      </View>
      <View>
        <View
          accessibilityRole="button"
          accessibilityStates={Array []}
          accessible={true}
          focusable={true}
          isTVSelectable={true}
          onClick={[Function]}
          onResponderGrant={[Function]}
          onResponderMove={[Function]}
          onResponderRelease={[Function]}
          onResponderTerminate={[Function]}
          onResponderTerminationRequest={[Function]}
          onStartShouldSetResponder={[Function]}
          style={
            Object {
              "opacity": 1,
            }
          }
        >
          <View
            style={
              Array [
                Object {},
              ]
            }
          >
            <Text
              style={
                Array [
                  Object {
                    "color": "#007AFF",
                    "fontSize": 18,
                    "padding": 8,
                    "textAlign": "center",
                  },
                ]
              }
            >
              Add
            </Text>
          </View>
        </View>
      </View>
    </View>
  </RCTScrollView>
</View>
`;
